// Jest Snapshot v1, https://goo.gl/fbAQLP

exports[`Footer matches Footer snapshot 1`] = `ShallowWrapper {}`;
